[gate] waiting, loadavg={ 3.19 4.88 4.36 }
[gate] waiting, loadavg={ 3.03 4.73 4.31 }
[gate] waiting, loadavg={ 3.12 4.65 4.29 }
[gate] waiting, loadavg={ 3.02 4.52 4.26 }
[gate] load settled: { 2.92 4.41 4.22 }
[baseline] instance in 3.6s (epoch_len=13)
[baseline] budget spent: 19998.7 of 20000.0 | segments=3404 | wall=680.3s | decision=0.0s | L_scale=1.0
[baseline] final EXACT audit = 1.607108e-04 (w* = 0.01085; certified gap 6.53e-09) -> /Users/shirch/vscode101/.venv/First-order-method-smooth-MOO/Adaptive Bundle Algorithm/output/pure_budget_K2_without_256_checkpoints/B20000/baseline_r10_s5
[baseline] instance in 3.4s (epoch_len=13)
[baseline] budget spent: 19999.1 of 20000.0 | segments=3302 | wall=546.8s | decision=0.0s | L_scale=2.0
[baseline] final EXACT audit = 6.201543e-04 (w* = 0.01199; certified gap 8.65e-08) -> /Users/shirch/vscode101/.venv/First-order-method-smooth-MOO/Adaptive Bundle Algorithm/output/pure_budget_K2_without_256_checkpoints/B20000/baseline_r20_s5
[baseline] instance in 4.4s (epoch_len=13)
[baseline] budget spent: 19995.6 of 20000.0 | segments=3247 | wall=504.3s | decision=0.0s | L_scale=2.0
[baseline] final EXACT audit = 2.700980e-04 (w* = 0.03225; certified gap 8.37e-08) -> /Users/shirch/vscode101/.venv/First-order-method-smooth-MOO/Adaptive Bundle Algorithm/output/pure_budget_K2_without_256_checkpoints/B20000/baseline_r40_s5
[baseline] instance in 3.1s (epoch_len=13)
[baseline] budget spent: 19997.0 of 20000.0 | segments=3220 | wall=490.1s | decision=0.0s | L_scale=4.0
[baseline] final EXACT audit = 2.981102e-04 (w* = 0.99328; certified gap 1.75e-07) -> /Users/shirch/vscode101/.venv/First-order-method-smooth-MOO/Adaptive Bundle Algorithm/output/pure_budget_K2_without_256_checkpoints/B20000/baseline_r80_s5
[adaptive] instance in 4.4s (epoch_len=13)
[adaptive] budget spent: 19993.9 of 20000.0 | segments=3194 | wall=1140.7s | decision=568.0s | L_scale=4.0
[adaptive] final EXACT audit = 9.518551e-05 (w* = 0.02316; certified gap 1.01e-07) -> /Users/shirch/vscode101/.venv/First-order-method-smooth-MOO/Adaptive Bundle Algorithm/output/pure_budget_K2_without_256_checkpoints/B20000/adaptive_s5_ts24
[adaptive] instance in 3.4s (epoch_len=13)
[adaptive] budget spent: 19993.9 of 20000.0 | segments=3194 | wall=1093.3s | decision=566.2s | L_scale=4.0
[adaptive] final EXACT audit = 9.518551e-05 (w* = 0.02316; certified gap 1.01e-07) -> /Users/shirch/vscode101/.venv/First-order-method-smooth-MOO/Adaptive Bundle Algorithm/output/pure_budget_K2_without_256_checkpoints/B20000/adaptive_s5_ts64
FIGURE + README -> /Users/shirch/vscode101/.venv/First-order-method-smooth-MOO/Adaptive Bundle Algorithm/output/pure_budget_K2_without_256_checkpoints/B20000
PILOT DONE
