[campaign] === baseline_r10_s5 ===
[baseline] instance in 4.2s (epoch_len=13)
[baseline] budget spent: 19998.7 of 20000.0 | segments=3404 | wall=568.2s | decision=0.0s | L_scale=1.0
[baseline] final EXACT audit = 1.607108e-04 (w* = 0.01085; certified gap 6.53e-09) -> /Users/shirch/vscode101/.venv/First-order-method-smooth-MOO/Adaptive Bundle Algorithm/output/ccp_compare_without_256_checkpoints/K2_B20000/baseline_r10_s5
[campaign] === baseline_r20_s5 ===
[baseline] instance in 3.5s (epoch_len=13)
[baseline] budget spent: 19999.1 of 20000.0 | segments=3302 | wall=550.4s | decision=0.0s | L_scale=2.0
[baseline] final EXACT audit = 6.201543e-04 (w* = 0.01199; certified gap 8.65e-08) -> /Users/shirch/vscode101/.venv/First-order-method-smooth-MOO/Adaptive Bundle Algorithm/output/ccp_compare_without_256_checkpoints/K2_B20000/baseline_r20_s5
[campaign] === baseline_r40_s5 ===
[baseline] instance in 4.4s (epoch_len=13)
[baseline] budget spent: 19995.6 of 20000.0 | segments=3247 | wall=663.3s | decision=0.0s | L_scale=2.0
[baseline] final EXACT audit = 2.700980e-04 (w* = 0.03225; certified gap 8.37e-08) -> /Users/shirch/vscode101/.venv/First-order-method-smooth-MOO/Adaptive Bundle Algorithm/output/ccp_compare_without_256_checkpoints/K2_B20000/baseline_r40_s5
[campaign] === baseline_r80_s5 ===
[baseline] instance in 4.7s (epoch_len=13)
[baseline] budget spent: 19997.0 of 20000.0 | segments=3220 | wall=611.8s | decision=0.0s | L_scale=4.0
[baseline] final EXACT audit = 2.981102e-04 (w* = 0.99328; certified gap 1.75e-07) -> /Users/shirch/vscode101/.venv/First-order-method-smooth-MOO/Adaptive Bundle Algorithm/output/ccp_compare_without_256_checkpoints/K2_B20000/baseline_r80_s5
[campaign] === adaptive_s5_ts24 ===
[adaptive] instance in 4.2s (epoch_len=13)
[adaptive] budget spent: 19993.9 of 20000.0 | segments=3194 | wall=1107.2s | decision=560.1s | L_scale=4.0
[adaptive] final EXACT audit = 9.518551e-05 (w* = 0.02316; certified gap 1.01e-07) -> /Users/shirch/vscode101/.venv/First-order-method-smooth-MOO/Adaptive Bundle Algorithm/output/ccp_compare_without_256_checkpoints/K2_B20000/adaptive_s5_ts24
[campaign] === adaptive_s5_ccp ===
[adaptive_ccp] instance in 4.0s (epoch_len=13)
[adaptive_ccp] budget spent: 19998.8 of 20000.0 | segments=3205 | wall=666.6s | decision=103.5s | L_scale=2.0
[adaptive_ccp] final EXACT audit = 7.934106e-06 (w* = 0.73861; certified gap 1.03e-09) -> /Users/shirch/vscode101/.venv/First-order-method-smooth-MOO/Adaptive Bundle Algorithm/output/ccp_compare_without_256_checkpoints/K2_B20000/adaptive_s5_ccp
[campaign] DONE in 4981s -> /Users/shirch/vscode101/.venv/First-order-method-smooth-MOO/Adaptive Bundle Algorithm/output/ccp_compare_without_256_checkpoints/K2_B20000
