[cpu-rerun 22:58:49] reference (fastest leg) wall = 725.0s; tolerance 5%
[cpu-rerun 22:58:49]   uniform    10  wall   770.0s  (+  6.2%)  RERUN
[cpu-rerun 22:58:49]   uniform    20  wall   734.1s  (+  1.3%)  ok
[cpu-rerun 22:58:49]   uniform    30  wall   730.4s  (+  0.7%)  ok
[cpu-rerun 22:58:49]   uniform    40  wall   744.1s  (+  2.6%)  ok
[cpu-rerun 22:58:49]   uniform    50  wall   725.3s  (+  0.0%)  ok
[cpu-rerun 22:58:49]   uniform    70  wall   745.1s  (+  2.8%)  ok
[cpu-rerun 22:58:49]   uniform    90  wall   770.2s  (+  6.2%)  RERUN
[cpu-rerun 22:58:49]   uniform   120  wall   728.9s  (+  0.5%)  ok
[cpu-rerun 22:58:49]   uniform   140  wall   726.1s  (+  0.1%)  ok
[cpu-rerun 22:58:49]   surf       10  wall   725.0s  (+  0.0%)  ok
[cpu-rerun 22:58:49]   surf       20  wall   726.4s  (+  0.2%)  ok
[cpu-rerun 22:58:49]   surf       30  wall   746.1s  (+  2.9%)  ok
[cpu-rerun 22:58:49]   surf       40  wall   728.5s  (+  0.5%)  ok
[cpu-rerun 22:58:49]   surf       50  wall   729.6s  (+  0.6%)  ok
[cpu-rerun 22:58:49]   surf       70  wall   730.1s  (+  0.7%)  ok
[cpu-rerun 22:58:49]   surf       90  wall   732.0s  (+  1.0%)  ok
[cpu-rerun 22:58:49]   surf      120  wall   734.1s  (+  1.3%)  ok
[cpu-rerun 22:58:49]   surf      140  wall   734.5s  (+  1.3%)  ok
[cpu-rerun 22:58:49] machine quiet (max foreign 35%, total 52%)
[cpu-rerun 22:58:49] re-running uniform 10: old wall 770.0s -> uniform_r10_seed41__cpu_contaminated_1
[baseline|4v9|adam] instance in 10.5s (n=11684 d=8098 per_class=5842 epoch_len=12 L=[1.450,1.374] seed=41)
[baseline|4v9|adam] budget spent: 19999.5 of 20000.0 | segments=3434 | wall=745.8s | decision=0.0s | L_scale=1.3349918974505688e+95
[baseline|4v9|adam] final EXACT audit = 2.156934e-03 (norm 4.644281e-02) -> /Users/shirch/vscode101/.venv/First-order-method-smooth-MOO/Adaptive Bundle Algorithm/output/CCP/K2_mnist_pair_without_256_checkpoints/v2_campaign/main_mu0.001/adam_1e-3_b0.9/uniform_r10_seed41
[cpu-rerun 23:14:28] re-run uniform 10: new wall 745.8s (leg 939s)
[cpu-rerun 23:14:28] machine quiet (max foreign 11%, total 11%)
[cpu-rerun 23:14:28] re-running uniform 90: old wall 770.2s -> uniform_r90_seed41__cpu_contaminated_1
[baseline|4v9|adam] instance in 10.9s (n=11684 d=8098 per_class=5842 epoch_len=12 L=[1.450,1.374] seed=41)
[baseline|4v9|adam] budget spent: 19995.7 of 20000.0 | segments=3247 | wall=732.5s | decision=0.0s | L_scale=inf
[baseline|4v9|adam] final EXACT audit = 1.949120e-03 (norm 4.414884e-02) -> /Users/shirch/vscode101/.venv/First-order-method-smooth-MOO/Adaptive Bundle Algorithm/output/CCP/K2_mnist_pair_without_256_checkpoints/v2_campaign/main_mu0.001/adam_1e-3_b0.9/uniform_r90_seed41
[cpu-rerun 23:29:30] re-run uniform 90: new wall 732.5s (leg 902s)
[cpu-rerun 23:29:30] after re-runs:
[cpu-rerun 23:29:30]   uniform    10  wall   745.8s  (+  2.9%)
[cpu-rerun 23:29:30]   uniform    20  wall   734.1s  (+  1.3%)
[cpu-rerun 23:29:30]   uniform    30  wall   730.4s  (+  0.7%)
[cpu-rerun 23:29:30]   uniform    40  wall   744.1s  (+  2.6%)
[cpu-rerun 23:29:30]   uniform    50  wall   725.3s  (+  0.0%)
[cpu-rerun 23:29:30]   uniform    70  wall   745.1s  (+  2.8%)
[cpu-rerun 23:29:30]   uniform    90  wall   732.5s  (+  1.0%)
[cpu-rerun 23:29:30]   uniform   120  wall   728.9s  (+  0.5%)
[cpu-rerun 23:29:30]   uniform   140  wall   726.1s  (+  0.1%)
[cpu-rerun 23:29:30]   surf       10  wall   725.0s  (+  0.0%)
[cpu-rerun 23:29:30]   surf       20  wall   726.4s  (+  0.2%)
[cpu-rerun 23:29:30]   surf       30  wall   746.1s  (+  2.9%)
[cpu-rerun 23:29:30]   surf       40  wall   728.5s  (+  0.5%)
[cpu-rerun 23:29:30]   surf       50  wall   729.6s  (+  0.6%)
[cpu-rerun 23:29:30]   surf       70  wall   730.1s  (+  0.7%)
[cpu-rerun 23:29:30]   surf       90  wall   732.0s  (+  1.0%)
[cpu-rerun 23:29:30]   surf      120  wall   734.1s  (+  1.3%)
[cpu-rerun 23:29:30]   surf      140  wall   734.5s  (+  1.3%)
[cpu-rerun 23:29:30] done
